[0m22:02:16.004056 [debug] [MainThread]: Sending event: {'category': 'dbt', 'action': 'invocation', 'label': 'start', 'context': [<snowplow_tracker.self_describing_json.SelfDescribingJson object at 0x703c4cd97f40>, <snowplow_tracker.self_describing_json.SelfDescribingJson object at 0x703c4bc7fc70>, <snowplow_tracker.self_describing_json.SelfDescribingJson object at 0x703c4bc7fc10>]}


============================== 22:02:16.012539 | 53051a9e-9b00-4d3d-842e-d86d069d6e01 ==============================
[0m22:02:16.012539 [info ] [MainThread]: Running with dbt=1.10.13
[0m22:02:16.012961 [debug] [MainThread]: running dbt with arguments {'write_json': 'True', 'no_print': 'None', 'printer_width': '80', 'log_path': 'logs', 'send_anonymous_usage_stats': 'True', 'quiet': 'False', 'use_experimental_parser': 'False', 'profiles_dir': '/home/tan/.dbt', 'invocation_command': 'dbt init hn_dbt', 'indirect_selection': 'eager', 'debug': 'False', 'introspect': 'True', 'cache_selected_only': 'False', 'version_check': 'True', 'target_path': 'None', 'log_cache_events': 'False', 'static_parser': 'True', 'warn_error': 'None', 'partial_parse': 'True', 'log_format': 'default', 'empty': 'None', 'use_colors': 'True', 'warn_error_options': 'WarnErrorOptionsV2(error=[], warn=[], silence=[])', 'fail_fast': 'False'}
[0m22:02:16.020260 [info ] [MainThread]: Creating dbt configuration folder at /home/tan/.dbt
[0m22:02:16.021763 [debug] [MainThread]: Starter project path: /home/tan/hn-pipeline/venv/lib/python3.9/site-packages/dbt/include/starter_project
[0m22:02:16.023258 [info ] [MainThread]:
Your new dbt project "hn_dbt" was created!

For more information on how to configure the profiles.yml file,
please consult the dbt documentation here:

  https://docs.getdbt.com/docs/configure-your-profile

One more thing:

Need help? Don't hesitate to reach out to us via GitHub issues or on Slack:

  https://community.getdbt.com/

Happy modeling!

[0m22:02:16.023784 [info ] [MainThread]: Setting up your profile.
[0m22:05:59.639437 [info ] [MainThread]: Profile hn_dbt written to /home/tan/.dbt/profiles.yml using target's profile_template.yml and your supplied values. Run 'dbt debug' to validate the connection.
[0m22:05:59.641037 [debug] [MainThread]: Resource report: {"command_name": "init", "command_success": true, "command_wall_clock_time": 223.68379, "process_in_blocks": "313888", "process_kernel_time": 0.234567, "process_mem_max_rss": "377068", "process_out_blocks": "80", "process_user_time": 3.509565}
[0m22:05:59.642124 [debug] [MainThread]: Command `dbt init` succeeded at 22:05:59.641922 after 223.69 seconds
[0m22:05:59.643046 [debug] [MainThread]: Sending event: {'category': 'dbt', 'action': 'invocation', 'label': 'end', 'context': [<snowplow_tracker.self_describing_json.SelfDescribingJson object at 0x703c4cd97f40>, <snowplow_tracker.self_describing_json.SelfDescribingJson object at 0x703c4bcda2b0>, <snowplow_tracker.self_describing_json.SelfDescribingJson object at 0x703c4bd152e0>]}
[0m22:05:59.644032 [debug] [MainThread]: Flushing usage events
[0m22:06:03.359768 [debug] [MainThread]: An error was encountered while trying to flush usage events
[0m23:38:18.271357 [debug] [MainThread]: Sending event: {'category': 'dbt', 'action': 'invocation', 'label': 'start', 'context': [<snowplow_tracker.self_describing_json.SelfDescribingJson object at 0x7f0348897f10>, <snowplow_tracker.self_describing_json.SelfDescribingJson object at 0x7f03486874c0>, <snowplow_tracker.self_describing_json.SelfDescribingJson object at 0x7f034777bc40>]}


============================== 23:38:18.278611 | a22bfca8-25d7-413e-a4ac-69c1e6ab4d40 ==============================
[0m23:38:18.278611 [info ] [MainThread]: Running with dbt=1.10.13
[0m23:38:18.279054 [debug] [MainThread]: running dbt with arguments {'use_colors': 'True', 'indirect_selection': 'eager', 'static_parser': 'True', 'fail_fast': 'False', 'version_check': 'True', 'profiles_dir': '/home/tan/.dbt', 'log_path': 'logs', 'introspect': 'True', 'printer_width': '80', 'quiet': 'False', 'log_cache_events': 'False', 'warn_error': 'None', 'log_format': 'default', 'invocation_command': 'dbt run', 'write_json': 'True', 'use_experimental_parser': 'False', 'no_print': 'None', 'send_anonymous_usage_stats': 'True', 'empty': 'False', 'target_path': 'None', 'cache_selected_only': 'False', 'warn_error_options': 'WarnErrorOptionsV2(error=[], warn=[], silence=[])', 'debug': 'False', 'partial_parse': 'True'}
[0m23:38:18.279578 [error] [MainThread]: Encountered an error:
Runtime Error
  No dbt_project.yml found at expected path /home/tan/hn-pipeline/dbt_project.yml
  Verify that each entry within packages.yml (and their transitive dependencies) contains a file named dbt_project.yml

[0m23:38:18.280286 [debug] [MainThread]: Resource report: {"command_name": "run", "command_success": false, "command_wall_clock_time": 0.057408195, "process_in_blocks": "8", "process_kernel_time": 0.056039, "process_mem_max_rss": "96244", "process_out_blocks": "16", "process_user_time": 0.890621}
[0m23:38:18.280643 [debug] [MainThread]: Command `dbt run` failed at 23:38:18.280574 after 0.06 seconds
[0m23:38:18.280938 [debug] [MainThread]: Sending event: {'category': 'dbt', 'action': 'invocation', 'label': 'end', 'context': [<snowplow_tracker.self_describing_json.SelfDescribingJson object at 0x7f0348897f10>, <snowplow_tracker.self_describing_json.SelfDescribingJson object at 0x7f0348687250>, <snowplow_tracker.self_describing_json.SelfDescribingJson object at 0x7f034777bd00>]}
[0m23:38:18.281228 [debug] [MainThread]: Flushing usage events
[0m23:38:19.540809 [debug] [MainThread]: An error was encountered while trying to flush usage events
